Running on node: ixl02
GPUs visible: 0
Start: mer 17 déc 2025 13:04:37 CET
[get_device] Using CUDA device: Tesla V100-SXM2-32GB

=================================================
 LOADING PREPROCESSED DATA
=================================================

	 Preprocessed data: processed_data/data_world=radius_mesh=True_norm=standard_At=False
[load_trajectories_preprocessed] Tensor payload size: 0.02 GB
	 [load_trajectories_preprocessed] Loaded 1 preprocessed trajectories
[train] CUDA free/total before dataset move: 31.44 / 31.74 GB
[train] Moving all trajectories to cuda ...
[train] CUDA free/total after dataset move:  31.42 / 31.74 GB
Total training pairs (X_t, X_t+1): 399

Overfitting on trajectory 0 with 4 time steps
Overfitting on the following (traj_id, time_idx) pairs:
  sample 00: traj_id=0, t=0
  sample 01: traj_id=0, t=1
  sample 02: traj_id=0, t=2
  sample 03: traj_id=0, t=3

=================================================
                  TRAINING
=================================================

Epochs: 500
Batch size: 4
Start learning rate: 0.001
Mode: overfit
Weight decay: 0
Number of trajectories: 1
Train loader batches: 1

[Train] [Epoch 000] Train Loss: 10.811014 | Test Loss: 37.370319 | Vel Loss: 8.454449 | Stress Loss: 2.356566 | LR: 0.000999
[Train] [Epoch 001] Train Loss: 37.370319 | Test Loss: 13.209402 | Vel Loss: 10.545574 | Stress Loss: 26.824745 | LR: 0.000998
[Train] [Epoch 002] Train Loss: 13.209402 | Test Loss: 96.101547 | Vel Loss: 9.089952 | Stress Loss: 4.119451 | LR: 0.000997
[Train] [Epoch 003] Train Loss: 96.101547 | Test Loss: 9.277420 | Vel Loss: 25.184563 | Stress Loss: 70.916992 | LR: 0.000996
[Train] [Epoch 004] Train Loss: 9.277420 | Test Loss: 4.635584 | Vel Loss: 5.464230 | Stress Loss: 3.813190 | LR: 0.000995
[Train] [Epoch 005] Train Loss: 4.635584 | Test Loss: 2.985242 | Vel Loss: 1.611739 | Stress Loss: 3.023846 | LR: 0.000994
[Train] [Epoch 006] Train Loss: 2.985242 | Test Loss: 3.602292 | Vel Loss: 1.387545 | Stress Loss: 1.597698 | LR: 0.000993
[Train] [Epoch 007] Train Loss: 3.602292 | Test Loss: 0.990666 | Vel Loss: 1.439835 | Stress Loss: 2.162456 | LR: 0.000992
[Train] [Epoch 008] Train Loss: 0.990666 | Test Loss: 1.485390 | Vel Loss: 0.571119 | Stress Loss: 0.419546 | LR: 0.000991
[Train] [Epoch 009] Train Loss: 1.485390 | Test Loss: 0.776620 | Vel Loss: 1.031447 | Stress Loss: 0.453943 | LR: 0.000990
[Train] [Epoch 010] Train Loss: 0.776620 | Test Loss: 0.572238 | Vel Loss: 0.561113 | Stress Loss: 0.215506 | LR: 0.000989
[Train] [Epoch 011] Train Loss: 0.572238 | Test Loss: 0.625897 | Vel Loss: 0.409479 | Stress Loss: 0.162758 | LR: 0.000988
[Train] [Epoch 012] Train Loss: 0.625897 | Test Loss: 0.545034 | Vel Loss: 0.511994 | Stress Loss: 0.113903 | LR: 0.000987
[Train] [Epoch 013] Train Loss: 0.545034 | Test Loss: 0.435778 | Vel Loss: 0.412992 | Stress Loss: 0.132043 | LR: 0.000986
[Train] [Epoch 014] Train Loss: 0.435778 | Test Loss: 0.285825 | Vel Loss: 0.316761 | Stress Loss: 0.119017 | LR: 0.000985
[Train] [Epoch 015] Train Loss: 0.285825 | Test Loss: 0.313986 | Vel Loss: 0.233891 | Stress Loss: 0.051934 | LR: 0.000984
[Train] [Epoch 016] Train Loss: 0.313986 | Test Loss: 0.263642 | Vel Loss: 0.235737 | Stress Loss: 0.078249 | LR: 0.000983
[Train] [Epoch 017] Train Loss: 0.263642 | Test Loss: 0.192278 | Vel Loss: 0.228017 | Stress Loss: 0.035625 | LR: 0.000982
[Train] [Epoch 018] Train Loss: 0.192278 | Test Loss: 0.153906 | Vel Loss: 0.159448 | Stress Loss: 0.032830 | LR: 0.000981
[Train] [Epoch 019] Train Loss: 0.153906 | Test Loss: 0.149489 | Vel Loss: 0.120383 | Stress Loss: 0.033523 | LR: 0.000980
[Train] [Epoch 020] Train Loss: 0.149489 | Test Loss: 0.076654 | Vel Loss: 0.109688 | Stress Loss: 0.039801 | LR: 0.000979
[Train] [Epoch 021] Train Loss: 0.076654 | Test Loss: 0.118970 | Vel Loss: 0.060724 | Stress Loss: 0.015929 | LR: 0.000978
[Train] [Epoch 022] Train Loss: 0.118970 | Test Loss: 0.101754 | Vel Loss: 0.078941 | Stress Loss: 0.040028 | LR: 0.000977
[Train] [Epoch 023] Train Loss: 0.101754 | Test Loss: 0.086962 | Vel Loss: 0.074870 | Stress Loss: 0.026883 | LR: 0.000976
[Train] [Epoch 024] Train Loss: 0.086962 | Test Loss: 0.072263 | Vel Loss: 0.055511 | Stress Loss: 0.031451 | LR: 0.000975
[Train] [Epoch 025] Train Loss: 0.072263 | Test Loss: 0.045673 | Vel Loss: 0.049615 | Stress Loss: 0.022648 | LR: 0.000974
[Train] [Epoch 026] Train Loss: 0.045673 | Test Loss: 0.054321 | Vel Loss: 0.027300 | Stress Loss: 0.018373 | LR: 0.000973
[Train] [Epoch 027] Train Loss: 0.054321 | Test Loss: 0.050873 | Vel Loss: 0.029377 | Stress Loss: 0.024944 | LR: 0.000972
[Train] [Epoch 028] Train Loss: 0.050873 | Test Loss: 0.036333 | Vel Loss: 0.035524 | Stress Loss: 0.015348 | LR: 0.000971
[Train] [Epoch 029] Train Loss: 0.036333 | Test Loss: 0.038355 | Vel Loss: 0.025702 | Stress Loss: 0.010631 | LR: 0.000970
[Train] [Epoch 030] Train Loss: 0.038355 | Test Loss: 0.036364 | Vel Loss: 0.024931 | Stress Loss: 0.013424 | LR: 0.000969
[Train] [Epoch 031] Train Loss: 0.036364 | Test Loss: 0.036316 | Vel Loss: 0.025420 | Stress Loss: 0.010945 | LR: 0.000968
[Train] [Epoch 032] Train Loss: 0.036316 | Test Loss: 0.030729 | Vel Loss: 0.027812 | Stress Loss: 0.008505 | LR: 0.000968
[Train] [Epoch 033] Train Loss: 0.030729 | Test Loss: 0.023320 | Vel Loss: 0.020963 | Stress Loss: 0.009767 | LR: 0.000967
[Train] [Epoch 034] Train Loss: 0.023320 | Test Loss: 0.025315 | Vel Loss: 0.016148 | Stress Loss: 0.007172 | LR: 0.000966
[Train] [Epoch 035] Train Loss: 0.025315 | Test Loss: 0.027064 | Vel Loss: 0.018171 | Stress Loss: 0.007144 | LR: 0.000965
[Train] [Epoch 036] Train Loss: 0.027064 | Test Loss: 0.021656 | Vel Loss: 0.018274 | Stress Loss: 0.008790 | LR: 0.000964
[Train] [Epoch 037] Train Loss: 0.021656 | Test Loss: 0.019990 | Vel Loss: 0.015572 | Stress Loss: 0.006084 | LR: 0.000963
[Train] [Epoch 038] Train Loss: 0.019990 | Test Loss: 0.020726 | Vel Loss: 0.014155 | Stress Loss: 0.005836 | LR: 0.000962
[Train] [Epoch 039] Train Loss: 0.020726 | Test Loss: 0.016202 | Vel Loss: 0.014072 | Stress Loss: 0.006654 | LR: 0.000961
[Train] [Epoch 040] Train Loss: 0.016202 | Test Loss: 0.013689 | Vel Loss: 0.011255 | Stress Loss: 0.004947 | LR: 0.000960
[Train] [Epoch 041] Train Loss: 0.013689 | Test Loss: 0.013308 | Vel Loss: 0.009034 | Stress Loss: 0.004655 | LR: 0.000959
[Train] [Epoch 042] Train Loss: 0.013308 | Test Loss: 0.011920 | Vel Loss: 0.009663 | Stress Loss: 0.003645 | LR: 0.000958
[Train] [Epoch 043] Train Loss: 0.011920 | Test Loss: 0.009998 | Vel Loss: 0.008735 | Stress Loss: 0.003185 | LR: 0.000957
[Train] [Epoch 044] Train Loss: 0.009998 | Test Loss: 0.010705 | Vel Loss: 0.006442 | Stress Loss: 0.003556 | LR: 0.000956
[Train] [Epoch 045] Train Loss: 0.010705 | Test Loss: 0.012051 | Vel Loss: 0.007472 | Stress Loss: 0.003233 | LR: 0.000955
[Train] [Epoch 046] Train Loss: 0.012051 | Test Loss: 0.008813 | Vel Loss: 0.008626 | Stress Loss: 0.003425 | LR: 0.000954
[Train] [Epoch 047] Train Loss: 0.008813 | Test Loss: 0.008028 | Vel Loss: 0.005891 | Stress Loss: 0.002922 | LR: 0.000953
[Train] [Epoch 048] Train Loss: 0.008028 | Test Loss: 0.008121 | Vel Loss: 0.005489 | Stress Loss: 0.002540 | LR: 0.000952
[Train] [Epoch 049] Train Loss: 0.008121 | Test Loss: 0.006596 | Vel Loss: 0.006043 | Stress Loss: 0.002078 | LR: 0.000951
[Train] [Epoch 050] Train Loss: 0.006596 | Test Loss: 0.007231 | Vel Loss: 0.004933 | Stress Loss: 0.001663 | LR: 0.000950
[Train] [Epoch 051] Train Loss: 0.007231 | Test Loss: 0.006560 | Vel Loss: 0.005640 | Stress Loss: 0.001591 | LR: 0.000949
[Train] [Epoch 052] Train Loss: 0.006560 | Test Loss: 0.005947 | Vel Loss: 0.004865 | Stress Loss: 0.001695 | LR: 0.000948
[Train] [Epoch 053] Train Loss: 0.005947 | Test Loss: 0.006671 | Vel Loss: 0.003896 | Stress Loss: 0.002051 | LR: 0.000947
[Train] [Epoch 054] Train Loss: 0.006671 | Test Loss: 0.006829 | Vel Loss: 0.004600 | Stress Loss: 0.002072 | LR: 0.000946
[Train] [Epoch 055] Train Loss: 0.006829 | Test Loss: 0.005995 | Vel Loss: 0.004666 | Stress Loss: 0.002163 | LR: 0.000946
[Train] [Epoch 056] Train Loss: 0.005995 | Test Loss: 0.005287 | Vel Loss: 0.003740 | Stress Loss: 0.002254 | LR: 0.000945
[Train] [Epoch 057] Train Loss: 0.005287 | Test Loss: 0.005362 | Vel Loss: 0.003369 | Stress Loss: 0.001919 | LR: 0.000944
[Train] [Epoch 058] Train Loss: 0.005362 | Test Loss: 0.005008 | Vel Loss: 0.003491 | Stress Loss: 0.001871 | LR: 0.000943
[Train] [Epoch 059] Train Loss: 0.005008 | Test Loss: 0.004626 | Vel Loss: 0.003319 | Stress Loss: 0.001689 | LR: 0.000942
[Train] [Epoch 060] Train Loss: 0.004626 | Test Loss: 0.004584 | Vel Loss: 0.003171 | Stress Loss: 0.001456 | LR: 0.000941
[Train] [Epoch 061] Train Loss: 0.004584 | Test Loss: 0.004136 | Vel Loss: 0.003071 | Stress Loss: 0.001513 | LR: 0.000940
[Train] [Epoch 062] Train Loss: 0.004136 | Test Loss: 0.004118 | Vel Loss: 0.002770 | Stress Loss: 0.001366 | LR: 0.000939
[Train] [Epoch 063] Train Loss: 0.004118 | Test Loss: 0.004208 | Vel Loss: 0.002755 | Stress Loss: 0.001363 | LR: 0.000938
[Train] [Epoch 064] Train Loss: 0.004208 | Test Loss: 0.003759 | Vel Loss: 0.002859 | Stress Loss: 0.001349 | LR: 0.000937
[Train] [Epoch 065] Train Loss: 0.003759 | Test Loss: 0.003578 | Vel Loss: 0.002557 | Stress Loss: 0.001202 | LR: 0.000936
[Train] [Epoch 066] Train Loss: 0.003578 | Test Loss: 0.003532 | Vel Loss: 0.002318 | Stress Loss: 0.001260 | LR: 0.000935
[Train] [Epoch 067] Train Loss: 0.003532 | Test Loss: 0.003400 | Vel Loss: 0.002348 | Stress Loss: 0.001184 | LR: 0.000934
[Train] [Epoch 068] Train Loss: 0.003400 | Test Loss: 0.003286 | Vel Loss: 0.002219 | Stress Loss: 0.001181 | LR: 0.000933
[Train] [Epoch 069] Train Loss: 0.003286 | Test Loss: 0.003192 | Vel Loss: 0.002063 | Stress Loss: 0.001223 | LR: 0.000932
[Train] [Epoch 070] Train Loss: 0.003192 | Test Loss: 0.003262 | Vel Loss: 0.002076 | Stress Loss: 0.001116 | LR: 0.000931
[Train] [Epoch 071] Train Loss: 0.003262 | Test Loss: 0.003148 | Vel Loss: 0.002085 | Stress Loss: 0.001177 | LR: 0.000930
[Train] [Epoch 072] Train Loss: 0.003148 | Test Loss: 0.003081 | Vel Loss: 0.002032 | Stress Loss: 0.001116 | LR: 0.000930
[Train] [Epoch 073] Train Loss: 0.003081 | Test Loss: 0.003024 | Vel Loss: 0.001994 | Stress Loss: 0.001087 | LR: 0.000929
[Train] [Epoch 074] Train Loss: 0.003024 | Test Loss: 0.002844 | Vel Loss: 0.001932 | Stress Loss: 0.001092 | LR: 0.000928
[Train] [Epoch 075] Train Loss: 0.002844 | Test Loss: 0.002830 | Vel Loss: 0.001826 | Stress Loss: 0.001017 | LR: 0.000927
[Train] [Epoch 076] Train Loss: 0.002830 | Test Loss: 0.002766 | Vel Loss: 0.001778 | Stress Loss: 0.001053 | LR: 0.000926
[Train] [Epoch 077] Train Loss: 0.002766 | Test Loss: 0.002700 | Vel Loss: 0.001767 | Stress Loss: 0.000999 | LR: 0.000925
[Train] [Epoch 078] Train Loss: 0.002700 | Test Loss: 0.002698 | Vel Loss: 0.001714 | Stress Loss: 0.000986 | LR: 0.000924
[Train] [Epoch 079] Train Loss: 0.002698 | Test Loss: 0.002698 | Vel Loss: 0.001713 | Stress Loss: 0.000985 | LR: 0.000923
[Train] [Epoch 080] Train Loss: 0.002698 | Test Loss: 0.002661 | Vel Loss: 0.001753 | Stress Loss: 0.000944 | LR: 0.000922
[Train] [Epoch 081] Train Loss: 0.002661 | Test Loss: 0.002582 | Vel Loss: 0.001701 | Stress Loss: 0.000960 | LR: 0.000921
[Train] [Epoch 082] Train Loss: 0.002582 | Test Loss: 0.002571 | Vel Loss: 0.001644 | Stress Loss: 0.000937 | LR: 0.000920
[Train] [Epoch 083] Train Loss: 0.002571 | Test Loss: 0.002512 | Vel Loss: 0.001633 | Stress Loss: 0.000937 | LR: 0.000919
[Train] [Epoch 084] Train Loss: 0.002512 | Test Loss: 0.002472 | Vel Loss: 0.001586 | Stress Loss: 0.000926 | LR: 0.000918
[Train] [Epoch 085] Train Loss: 0.002472 | Test Loss: 0.002458 | Vel Loss: 0.001552 | Stress Loss: 0.000919 | LR: 0.000918
[Train] [Epoch 086] Train Loss: 0.002458 | Test Loss: 0.002407 | Vel Loss: 0.001541 | Stress Loss: 0.000917 | LR: 0.000917
[Train] [Epoch 087] Train Loss: 0.002407 | Test Loss: 0.002403 | Vel Loss: 0.001507 | Stress Loss: 0.000900 | LR: 0.000916
[Train] [Epoch 088] Train Loss: 0.002403 | Test Loss: 0.002384 | Vel Loss: 0.001496 | Stress Loss: 0.000908 | LR: 0.000915
[Train] [Epoch 089] Train Loss: 0.002384 | Test Loss: 0.002351 | Vel Loss: 0.001489 | Stress Loss: 0.000895 | LR: 0.000914
[Train] [Epoch 090] Train Loss: 0.002351 | Test Loss: 0.002318 | Vel Loss: 0.001455 | Stress Loss: 0.000896 | LR: 0.000913
[Train] [Epoch 091] Train Loss: 0.002318 | Test Loss: 0.002306 | Vel Loss: 0.001438 | Stress Loss: 0.000880 | LR: 0.000912
[Train] [Epoch 092] Train Loss: 0.002306 | Test Loss: 0.002283 | Vel Loss: 0.001435 | Stress Loss: 0.000871 | LR: 0.000911
[Train] [Epoch 093] Train Loss: 0.002283 | Test Loss: 0.002249 | Vel Loss: 0.001412 | Stress Loss: 0.000870 | LR: 0.000910
[Train] [Epoch 094] Train Loss: 0.002249 | Test Loss: 0.002243 | Vel Loss: 0.001393 | Stress Loss: 0.000856 | LR: 0.000909
[Train] [Epoch 095] Train Loss: 0.002243 | Test Loss: 0.002220 | Vel Loss: 0.001389 | Stress Loss: 0.000855 | LR: 0.000908
[Train] [Epoch 096] Train Loss: 0.002220 | Test Loss: 0.002208 | Vel Loss: 0.001378 | Stress Loss: 0.000841 | LR: 0.000908
[Train] [Epoch 097] Train Loss: 0.002208 | Test Loss: 0.002194 | Vel Loss: 0.001365 | Stress Loss: 0.000843 | LR: 0.000907
[Train] [Epoch 098] Train Loss: 0.002194 | Test Loss: 0.002175 | Vel Loss: 0.001356 | Stress Loss: 0.000838 | LR: 0.000906
[Train] [Epoch 099] Train Loss: 0.002175 | Test Loss: 0.002159 | Vel Loss: 0.001342 | Stress Loss: 0.000833 | LR: 0.000905
[Train] [Epoch 100] Train Loss: 0.002159 | Test Loss: 0.002145 | Vel Loss: 0.001329 | Stress Loss: 0.000830 | LR: 0.000904
[Train] [Epoch 101] Train Loss: 0.002145 | Test Loss: 0.002130 | Vel Loss: 0.001322 | Stress Loss: 0.000823 | LR: 0.000903
[Train] [Epoch 102] Train Loss: 0.002130 | Test Loss: 0.002112 | Vel Loss: 0.001308 | Stress Loss: 0.000822 | LR: 0.000902
[Train] [Epoch 103] Train Loss: 0.002112 | Test Loss: 0.002106 | Vel Loss: 0.001298 | Stress Loss: 0.000814 | LR: 0.000901
[Train] [Epoch 104] Train Loss: 0.002106 | Test Loss: 0.002092 | Vel Loss: 0.001296 | Stress Loss: 0.000810 | LR: 0.000900
[Train] [Epoch 105] Train Loss: 0.002092 | Test Loss: 0.002081 | Vel Loss: 0.001285 | Stress Loss: 0.000807 | LR: 0.000899
[Train] [Epoch 106] Train Loss: 0.002081 | Test Loss: 0.002070 | Vel Loss: 0.001274 | Stress Loss: 0.000807 | LR: 0.000898
[Train] [Epoch 107] Train Loss: 0.002070 | Test Loss: 0.002056 | Vel Loss: 0.001268 | Stress Loss: 0.000802 | LR: 0.000898
[Train] [Epoch 108] Train Loss: 0.002056 | Test Loss: 0.002043 | Vel Loss: 0.001259 | Stress Loss: 0.000797 | LR: 0.000897
[Train] [Epoch 109] Train Loss: 0.002043 | Test Loss: 0.002032 | Vel Loss: 0.001250 | Stress Loss: 0.000793 | LR: 0.000896
[Train] [Epoch 110] Train Loss: 0.002032 | Test Loss: 0.002021 | Vel Loss: 0.001243 | Stress Loss: 0.000790 | LR: 0.000895
[Train] [Epoch 111] Train Loss: 0.002021 | Test Loss: 0.002010 | Vel Loss: 0.001234 | Stress Loss: 0.000787 | LR: 0.000894
[Train] [Epoch 112] Train Loss: 0.002010 | Test Loss: 0.002002 | Vel Loss: 0.001227 | Stress Loss: 0.000782 | LR: 0.000893
[Train] [Epoch 113] Train Loss: 0.002002 | Test Loss: 0.001992 | Vel Loss: 0.001221 | Stress Loss: 0.000782 | LR: 0.000892
[Train] [Epoch 114] Train Loss: 0.001992 | Test Loss: 0.001982 | Vel Loss: 0.001213 | Stress Loss: 0.000779 | LR: 0.000891
[Train] [Epoch 115] Train Loss: 0.001982 | Test Loss: 0.001972 | Vel Loss: 0.001206 | Stress Loss: 0.000777 | LR: 0.000890
[Train] [Epoch 116] Train Loss: 0.001972 | Test Loss: 0.001962 | Vel Loss: 0.001200 | Stress Loss: 0.000773 | LR: 0.000890
[Train] [Epoch 117] Train Loss: 0.001962 | Test Loss: 0.001953 | Vel Loss: 0.001192 | Stress Loss: 0.000770 | LR: 0.000889
[Train] [Epoch 118] Train Loss: 0.001953 | Test Loss: 0.001945 | Vel Loss: 0.001186 | Stress Loss: 0.000768 | LR: 0.000888
[Train] [Epoch 119] Train Loss: 0.001945 | Test Loss: 0.001936 | Vel Loss: 0.001181 | Stress Loss: 0.000764 | LR: 0.000887
[Train] [Epoch 120] Train Loss: 0.001936 | Test Loss: 0.001928 | Vel Loss: 0.001174 | Stress Loss: 0.000762 | LR: 0.000886
[Train] [Epoch 121] Train Loss: 0.001928 | Test Loss: 0.001921 | Vel Loss: 0.001169 | Stress Loss: 0.000759 | LR: 0.000885
[Train] [Epoch 122] Train Loss: 0.001921 | Test Loss: 0.001913 | Vel Loss: 0.001164 | Stress Loss: 0.000757 | LR: 0.000884
[Train] [Epoch 123] Train Loss: 0.001913 | Test Loss: 0.001905 | Vel Loss: 0.001157 | Stress Loss: 0.000755 | LR: 0.000883
[Train] [Epoch 124] Train Loss: 0.001905 | Test Loss: 0.001897 | Vel Loss: 0.001152 | Stress Loss: 0.000753 | LR: 0.000882
[Train] [Epoch 125] Train Loss: 0.001897 | Test Loss: 0.001890 | Vel Loss: 0.001147 | Stress Loss: 0.000751 | LR: 0.000882
[Train] [Epoch 126] Train Loss: 0.001890 | Test Loss: 0.001882 | Vel Loss: 0.001142 | Stress Loss: 0.000748 | LR: 0.000881
[Train] [Epoch 127] Train Loss: 0.001882 | Test Loss: 0.001875 | Vel Loss: 0.001137 | Stress Loss: 0.000746 | LR: 0.000880
[Train] [Epoch 128] Train Loss: 0.001875 | Test Loss: 0.001868 | Vel Loss: 0.001132 | Stress Loss: 0.000743 | LR: 0.000879
[Train] [Epoch 129] Train Loss: 0.001868 | Test Loss: 0.001862 | Vel Loss: 0.001127 | Stress Loss: 0.000741 | LR: 0.000878
[Train] [Epoch 130] Train Loss: 0.001862 | Test Loss: 0.001855 | Vel Loss: 0.001122 | Stress Loss: 0.000740 | LR: 0.000877
[Train] [Epoch 131] Train Loss: 0.001855 | Test Loss: 0.001848 | Vel Loss: 0.001117 | Stress Loss: 0.000737 | LR: 0.000876
[Train] [Epoch 132] Train Loss: 0.001848 | Test Loss: 0.001842 | Vel Loss: 0.001113 | Stress Loss: 0.000735 | LR: 0.000875
[Train] [Epoch 133] Train Loss: 0.001842 | Test Loss: 0.001835 | Vel Loss: 0.001108 | Stress Loss: 0.000733 | LR: 0.000875
[Train] [Epoch 134] Train Loss: 0.001835 | Test Loss: 0.001829 | Vel Loss: 0.001104 | Stress Loss: 0.000731 | LR: 0.000874
[Train] [Epoch 135] Train Loss: 0.001829 | Test Loss: 0.001823 | Vel Loss: 0.001099 | Stress Loss: 0.000730 | LR: 0.000873
[Train] [Epoch 136] Train Loss: 0.001823 | Test Loss: 0.001817 | Vel Loss: 0.001095 | Stress Loss: 0.000728 | LR: 0.000872
[Train] [Epoch 137] Train Loss: 0.001817 | Test Loss: 0.001811 | Vel Loss: 0.001090 | Stress Loss: 0.000726 | LR: 0.000871
[Train] [Epoch 138] Train Loss: 0.001811 | Test Loss: 0.001805 | Vel Loss: 0.001086 | Stress Loss: 0.000725 | LR: 0.000870
[Train] [Epoch 139] Train Loss: 0.001805 | Test Loss: 0.001799 | Vel Loss: 0.001082 | Stress Loss: 0.000723 | LR: 0.000869
[Train] [Epoch 140] Train Loss: 0.001799 | Test Loss: 0.001794 | Vel Loss: 0.001078 | Stress Loss: 0.000721 | LR: 0.000868
[Train] [Epoch 141] Train Loss: 0.001794 | Test Loss: 0.001788 | Vel Loss: 0.001074 | Stress Loss: 0.000720 | LR: 0.000868
[Train] [Epoch 142] Train Loss: 0.001788 | Test Loss: 0.001783 | Vel Loss: 0.001070 | Stress Loss: 0.000718 | LR: 0.000867
[Train] [Epoch 143] Train Loss: 0.001783 | Test Loss: 0.001777 | Vel Loss: 0.001066 | Stress Loss: 0.000716 | LR: 0.000866
[Train] [Epoch 144] Train Loss: 0.001777 | Test Loss: 0.001772 | Vel Loss: 0.001063 | Stress Loss: 0.000715 | LR: 0.000865
[Train] [Epoch 145] Train Loss: 0.001772 | Test Loss: 0.001767 | Vel Loss: 0.001059 | Stress Loss: 0.000713 | LR: 0.000864
[Train] [Epoch 146] Train Loss: 0.001767 | Test Loss: 0.001762 | Vel Loss: 0.001055 | Stress Loss: 0.000711 | LR: 0.000863
[Train] [Epoch 147] Train Loss: 0.001762 | Test Loss: 0.001757 | Vel Loss: 0.001052 | Stress Loss: 0.000710 | LR: 0.000862
[Train] [Epoch 148] Train Loss: 0.001757 | Test Loss: 0.001752 | Vel Loss: 0.001048 | Stress Loss: 0.000708 | LR: 0.000862
[Train] [Epoch 149] Train Loss: 0.001752 | Test Loss: 0.001747 | Vel Loss: 0.001045 | Stress Loss: 0.000707 | LR: 0.000861
[Train] [Epoch 150] Train Loss: 0.001747 | Test Loss: 0.001742 | Vel Loss: 0.001041 | Stress Loss: 0.000705 | LR: 0.000860
[Train] [Epoch 151] Train Loss: 0.001742 | Test Loss: 0.001737 | Vel Loss: 0.001038 | Stress Loss: 0.000704 | LR: 0.000859
[Train] [Epoch 152] Train Loss: 0.001737 | Test Loss: 0.001733 | Vel Loss: 0.001035 | Stress Loss: 0.000703 | LR: 0.000858
[Train] [Epoch 153] Train Loss: 0.001733 | Test Loss: 0.001728 | Vel Loss: 0.001031 | Stress Loss: 0.000701 | LR: 0.000857
[Train] [Epoch 154] Train Loss: 0.001728 | Test Loss: 0.001723 | Vel Loss: 0.001028 | Stress Loss: 0.000700 | LR: 0.000856
[Train] [Epoch 155] Train Loss: 0.001723 | Test Loss: 0.001719 | Vel Loss: 0.001025 | Stress Loss: 0.000699 | LR: 0.000855
[Train] [Epoch 156] Train Loss: 0.001719 | Test Loss: 0.001714 | Vel Loss: 0.001022 | Stress Loss: 0.000697 | LR: 0.000855
[Train] [Epoch 157] Train Loss: 0.001714 | Test Loss: 0.001710 | Vel Loss: 0.001019 | Stress Loss: 0.000696 | LR: 0.000854
[Train] [Epoch 158] Train Loss: 0.001710 | Test Loss: 0.001706 | Vel Loss: 0.001015 | Stress Loss: 0.000695 | LR: 0.000853
[Train] [Epoch 159] Train Loss: 0.001706 | Test Loss: 0.001702 | Vel Loss: 0.001012 | Stress Loss: 0.000693 | LR: 0.000852
[Train] [Epoch 160] Train Loss: 0.001702 | Test Loss: 0.001697 | Vel Loss: 0.001010 | Stress Loss: 0.000692 | LR: 0.000851
[Train] [Epoch 161] Train Loss: 0.001697 | Test Loss: 0.001693 | Vel Loss: 0.001007 | Stress Loss: 0.000691 | LR: 0.000850
[Train] [Epoch 162] Train Loss: 0.001693 | Test Loss: 0.001689 | Vel Loss: 0.001004 | Stress Loss: 0.000689 | LR: 0.000850
[Train] [Epoch 163] Train Loss: 0.001689 | Test Loss: 0.001685 | Vel Loss: 0.001001 | Stress Loss: 0.000688 | LR: 0.000849
[Train] [Epoch 164] Train Loss: 0.001685 | Test Loss: 0.001681 | Vel Loss: 0.000998 | Stress Loss: 0.000687 | LR: 0.000848
[Train] [Epoch 165] Train Loss: 0.001681 | Test Loss: 0.001677 | Vel Loss: 0.000995 | Stress Loss: 0.000686 | LR: 0.000847
[Train] [Epoch 166] Train Loss: 0.001677 | Test Loss: 0.001673 | Vel Loss: 0.000992 | Stress Loss: 0.000685 | LR: 0.000846
[Train] [Epoch 167] Train Loss: 0.001673 | Test Loss: 0.001670 | Vel Loss: 0.000990 | Stress Loss: 0.000684 | LR: 0.000845
[Train] [Epoch 168] Train Loss: 0.001670 | Test Loss: 0.001666 | Vel Loss: 0.000987 | Stress Loss: 0.000682 | LR: 0.000844
[Train] [Epoch 169] Train Loss: 0.001666 | Test Loss: 0.001662 | Vel Loss: 0.000984 | Stress Loss: 0.000681 | LR: 0.000844
[Train] [Epoch 170] Train Loss: 0.001662 | Test Loss: 0.001658 | Vel Loss: 0.000982 | Stress Loss: 0.000680 | LR: 0.000843
[Train] [Epoch 171] Train Loss: 0.001658 | Test Loss: 0.001655 | Vel Loss: 0.000979 | Stress Loss: 0.000679 | LR: 0.000842
[Train] [Epoch 172] Train Loss: 0.001655 | Test Loss: 0.001651 | Vel Loss: 0.000977 | Stress Loss: 0.000678 | LR: 0.000841
[Train] [Epoch 173] Train Loss: 0.001651 | Test Loss: 0.001648 | Vel Loss: 0.000974 | Stress Loss: 0.000677 | LR: 0.000840
[Train] [Epoch 174] Train Loss: 0.001648 | Test Loss: 0.001644 | Vel Loss: 0.000972 | Stress Loss: 0.000676 | LR: 0.000839
[Train] [Epoch 175] Train Loss: 0.001644 | Test Loss: 0.001641 | Vel Loss: 0.000969 | Stress Loss: 0.000675 | LR: 0.000839
[Train] [Epoch 176] Train Loss: 0.001641 | Test Loss: 0.001637 | Vel Loss: 0.000967 | Stress Loss: 0.000674 | LR: 0.000838
[Train] [Epoch 177] Train Loss: 0.001637 | Test Loss: 0.001634 | Vel Loss: 0.000964 | Stress Loss: 0.000673 | LR: 0.000837
[Train] [Epoch 178] Train Loss: 0.001634 | Test Loss: 0.001630 | Vel Loss: 0.000962 | Stress Loss: 0.000672 | LR: 0.000836
[Train] [Epoch 179] Train Loss: 0.001630 | Test Loss: 0.001627 | Vel Loss: 0.000960 | Stress Loss: 0.000671 | LR: 0.000835
[Train] [Epoch 180] Train Loss: 0.001627 | Test Loss: 0.001624 | Vel Loss: 0.000957 | Stress Loss: 0.000670 | LR: 0.000834
[Train] [Epoch 181] Train Loss: 0.001624 | Test Loss: 0.001621 | Vel Loss: 0.000955 | Stress Loss: 0.000669 | LR: 0.000834
[Train] [Epoch 182] Train Loss: 0.001621 | Test Loss: 0.001617 | Vel Loss: 0.000953 | Stress Loss: 0.000668 | LR: 0.000833
[Train] [Epoch 183] Train Loss: 0.001617 | Test Loss: 0.001614 | Vel Loss: 0.000951 | Stress Loss: 0.000667 | LR: 0.000832
[Train] [Epoch 184] Train Loss: 0.001614 | Test Loss: 0.001611 | Vel Loss: 0.000948 | Stress Loss: 0.000666 | LR: 0.000831
[Train] [Epoch 185] Train Loss: 0.001611 | Test Loss: 0.001608 | Vel Loss: 0.000946 | Stress Loss: 0.000665 | LR: 0.000830
[Train] [Epoch 186] Train Loss: 0.001608 | Test Loss: 0.001605 | Vel Loss: 0.000944 | Stress Loss: 0.000664 | LR: 0.000829
[Train] [Epoch 187] Train Loss: 0.001605 | Test Loss: 0.001602 | Vel Loss: 0.000942 | Stress Loss: 0.000663 | LR: 0.000829
[Train] [Epoch 188] Train Loss: 0.001602 | Test Loss: 0.001599 | Vel Loss: 0.000940 | Stress Loss: 0.000662 | LR: 0.000828
[Train] [Epoch 189] Train Loss: 0.001599 | Test Loss: 0.001596 | Vel Loss: 0.000938 | Stress Loss: 0.000661 | LR: 0.000827
[Train] [Epoch 190] Train Loss: 0.001596 | Test Loss: 0.001593 | Vel Loss: 0.000936 | Stress Loss: 0.000660 | LR: 0.000826
[Train] [Epoch 191] Train Loss: 0.001593 | Test Loss: 0.001590 | Vel Loss: 0.000933 | Stress Loss: 0.000660 | LR: 0.000825
[Train] [Epoch 192] Train Loss: 0.001590 | Test Loss: 0.001587 | Vel Loss: 0.000931 | Stress Loss: 0.000659 | LR: 0.000824
[Train] [Epoch 193] Train Loss: 0.001587 | Test Loss: 0.001584 | Vel Loss: 0.000929 | Stress Loss: 0.000658 | LR: 0.000824
[Train] [Epoch 194] Train Loss: 0.001584 | Test Loss: 0.001582 | Vel Loss: 0.000927 | Stress Loss: 0.000657 | LR: 0.000823
[Train] [Epoch 195] Train Loss: 0.001582 | Test Loss: 0.001579 | Vel Loss: 0.000925 | Stress Loss: 0.000656 | LR: 0.000822
[Train] [Epoch 196] Train Loss: 0.001579 | Test Loss: 0.001576 | Vel Loss: 0.000924 | Stress Loss: 0.000655 | LR: 0.000821
[Train] [Epoch 197] Train Loss: 0.001576 | Test Loss: 0.001573 | Vel Loss: 0.000922 | Stress Loss: 0.000654 | LR: 0.000820
[Train] [Epoch 198] Train Loss: 0.001573 | Test Loss: 0.001571 | Vel Loss: 0.000920 | Stress Loss: 0.000654 | LR: 0.000819
[Train] [Epoch 199] Train Loss: 0.001571 | Test Loss: 0.001568 | Vel Loss: 0.000918 | Stress Loss: 0.000653 | LR: 0.000819
[Train] [Epoch 200] Train Loss: 0.001568 | Test Loss: 0.001565 | Vel Loss: 0.000916 | Stress Loss: 0.000652 | LR: 0.000818
[Train] [Epoch 201] Train Loss: 0.001565 | Test Loss: 0.001563 | Vel Loss: 0.000914 | Stress Loss: 0.000651 | LR: 0.000817
[Train] [Epoch 202] Train Loss: 0.001563 | Test Loss: 0.001560 | Vel Loss: 0.000912 | Stress Loss: 0.000650 | LR: 0.000816
[Train] [Epoch 203] Train Loss: 0.001560 | Test Loss: 0.001558 | Vel Loss: 0.000910 | Stress Loss: 0.000650 | LR: 0.000815
[Train] [Epoch 204] Train Loss: 0.001558 | Test Loss: 0.001555 | Vel Loss: 0.000909 | Stress Loss: 0.000649 | LR: 0.000815
[Train] [Epoch 205] Train Loss: 0.001555 | Test Loss: 0.001553 | Vel Loss: 0.000907 | Stress Loss: 0.000648 | LR: 0.000814
[Train] [Epoch 206] Train Loss: 0.001553 | Test Loss: 0.001550 | Vel Loss: 0.000905 | Stress Loss: 0.000647 | LR: 0.000813
[Train] [Epoch 207] Train Loss: 0.001550 | Test Loss: 0.001548 | Vel Loss: 0.000903 | Stress Loss: 0.000647 | LR: 0.000812
[Train] [Epoch 208] Train Loss: 0.001548 | Test Loss: 0.001545 | Vel Loss: 0.000902 | Stress Loss: 0.000646 | LR: 0.000811
[Train] [Epoch 209] Train Loss: 0.001545 | Test Loss: 0.001543 | Vel Loss: 0.000900 | Stress Loss: 0.000645 | LR: 0.000810
[Train] [Epoch 210] Train Loss: 0.001543 | Test Loss: 0.001540 | Vel Loss: 0.000898 | Stress Loss: 0.000645 | LR: 0.000810
[Train] [Epoch 211] Train Loss: 0.001540 | Test Loss: 0.001538 | Vel Loss: 0.000897 | Stress Loss: 0.000644 | LR: 0.000809
[Train] [Epoch 212] Train Loss: 0.001538 | Test Loss: 0.001536 | Vel Loss: 0.000895 | Stress Loss: 0.000643 | LR: 0.000808
[Train] [Epoch 213] Train Loss: 0.001536 | Test Loss: 0.001533 | Vel Loss: 0.000893 | Stress Loss: 0.000642 | LR: 0.000807
[Train] [Epoch 214] Train Loss: 0.001533 | Test Loss: 0.001531 | Vel Loss: 0.000892 | Stress Loss: 0.000642 | LR: 0.000806
[Train] [Epoch 215] Train Loss: 0.001531 | Test Loss: 0.001529 | Vel Loss: 0.000890 | Stress Loss: 0.000641 | LR: 0.000806
[Train] [Epoch 216] Train Loss: 0.001529 | Test Loss: 0.001527 | Vel Loss: 0.000889 | Stress Loss: 0.000640 | LR: 0.000805
[Train] [Epoch 217] Train Loss: 0.001527 | Test Loss: 0.001524 | Vel Loss: 0.000887 | Stress Loss: 0.000640 | LR: 0.000804
[Train] [Epoch 218] Train Loss: 0.001524 | Test Loss: 0.001522 | Vel Loss: 0.000885 | Stress Loss: 0.000639 | LR: 0.000803
[Train] [Epoch 219] Train Loss: 0.001522 | Test Loss: 0.001520 | Vel Loss: 0.000884 | Stress Loss: 0.000638 | LR: 0.000802
[Train] [Epoch 220] Train Loss: 0.001520 | Test Loss: 0.001518 | Vel Loss: 0.000882 | Stress Loss: 0.000638 | LR: 0.000802
[Train] [Epoch 221] Train Loss: 0.001518 | Test Loss: 0.001516 | Vel Loss: 0.000881 | Stress Loss: 0.000637 | LR: 0.000801
[Train] [Epoch 222] Train Loss: 0.001516 | Test Loss: 0.001514 | Vel Loss: 0.000879 | Stress Loss: 0.000636 | LR: 0.000800
[Train] [Epoch 223] Train Loss: 0.001514 | Test Loss: 0.001512 | Vel Loss: 0.000878 | Stress Loss: 0.000636 | LR: 0.000799
[Train] [Epoch 224] Train Loss: 0.001512 | Test Loss: 0.001510 | Vel Loss: 0.000877 | Stress Loss: 0.000635 | LR: 0.000798
[Train] [Epoch 225] Train Loss: 0.001510 | Test Loss: 0.001508 | Vel Loss: 0.000875 | Stress Loss: 0.000635 | LR: 0.000798
[Train] [Epoch 226] Train Loss: 0.001508 | Test Loss: 0.001506 | Vel Loss: 0.000874 | Stress Loss: 0.000634 | LR: 0.000797
[Train] [Epoch 227] Train Loss: 0.001506 | Test Loss: 0.001504 | Vel Loss: 0.000872 | Stress Loss: 0.000633 | LR: 0.000796
[Train] [Epoch 228] Train Loss: 0.001504 | Test Loss: 0.001502 | Vel Loss: 0.000871 | Stress Loss: 0.000633 | LR: 0.000795
[Train] [Epoch 229] Train Loss: 0.001502 | Test Loss: 0.001500 | Vel Loss: 0.000869 | Stress Loss: 0.000632 | LR: 0.000794
[Train] [Epoch 230] Train Loss: 0.001500 | Test Loss: 0.001498 | Vel Loss: 0.000868 | Stress Loss: 0.000631 | LR: 0.000794
[Train] [Epoch 231] Train Loss: 0.001498 | Test Loss: 0.001496 | Vel Loss: 0.000867 | Stress Loss: 0.000631 | LR: 0.000793
[Train] [Epoch 232] Train Loss: 0.001496 | Test Loss: 0.001494 | Vel Loss: 0.000865 | Stress Loss: 0.000630 | LR: 0.000792
[Train] [Epoch 233] Train Loss: 0.001494 | Test Loss: 0.001492 | Vel Loss: 0.000864 | Stress Loss: 0.000630 | LR: 0.000791
[Train] [Epoch 234] Train Loss: 0.001492 | Test Loss: 0.001490 | Vel Loss: 0.000863 | Stress Loss: 0.000629 | LR: 0.000790
[Train] [Epoch 235] Train Loss: 0.001490 | Test Loss: 0.001488 | Vel Loss: 0.000861 | Stress Loss: 0.000629 | LR: 0.000790
[Train] [Epoch 236] Train Loss: 0.001488 | Test Loss: 0.001486 | Vel Loss: 0.000860 | Stress Loss: 0.000628 | LR: 0.000789
[Train] [Epoch 237] Train Loss: 0.001486 | Test Loss: 0.001484 | Vel Loss: 0.000859 | Stress Loss: 0.000628 | LR: 0.000788
[Train] [Epoch 238] Train Loss: 0.001484 | Test Loss: 0.001483 | Vel Loss: 0.000858 | Stress Loss: 0.000627 | LR: 0.000787
[Train] [Epoch 239] Train Loss: 0.001483 | Test Loss: 0.001481 | Vel Loss: 0.000856 | Stress Loss: 0.000626 | LR: 0.000787
[Train] [Epoch 240] Train Loss: 0.001481 | Test Loss: 0.001479 | Vel Loss: 0.000855 | Stress Loss: 0.000626 | LR: 0.000786
[Train] [Epoch 241] Train Loss: 0.001479 | Test Loss: 0.001477 | Vel Loss: 0.000854 | Stress Loss: 0.000625 | LR: 0.000785
[Train] [Epoch 242] Train Loss: 0.001477 | Test Loss: 0.001476 | Vel Loss: 0.000853 | Stress Loss: 0.000625 | LR: 0.000784
[Train] [Epoch 243] Train Loss: 0.001476 | Test Loss: 0.001474 | Vel Loss: 0.000851 | Stress Loss: 0.000624 | LR: 0.000783
[Train] [Epoch 244] Train Loss: 0.001474 | Test Loss: 0.001472 | Vel Loss: 0.000850 | Stress Loss: 0.000624 | LR: 0.000783
[Train] [Epoch 245] Train Loss: 0.001472 | Test Loss: 0.001471 | Vel Loss: 0.000849 | Stress Loss: 0.000623 | LR: 0.000782
[Train] [Epoch 246] Train Loss: 0.001471 | Test Loss: 0.001469 | Vel Loss: 0.000848 | Stress Loss: 0.000623 | LR: 0.000781
[Train] [Epoch 247] Train Loss: 0.001469 | Test Loss: 0.001467 | Vel Loss: 0.000847 | Stress Loss: 0.000622 | LR: 0.000780
[Train] [Epoch 248] Train Loss: 0.001467 | Test Loss: 0.001466 | Vel Loss: 0.000845 | Stress Loss: 0.000622 | LR: 0.000779
[Train] [Epoch 249] Train Loss: 0.001466 | Test Loss: 0.001464 | Vel Loss: 0.000844 | Stress Loss: 0.000621 | LR: 0.000779
[Train] [Epoch 250] Train Loss: 0.001464 | Test Loss: 0.001462 | Vel Loss: 0.000843 | Stress Loss: 0.000621 | LR: 0.000778
[Train] [Epoch 251] Train Loss: 0.001462 | Test Loss: 0.001461 | Vel Loss: 0.000842 | Stress Loss: 0.000620 | LR: 0.000777
[Train] [Epoch 252] Train Loss: 0.001461 | Test Loss: 0.001459 | Vel Loss: 0.000841 | Stress Loss: 0.000620 | LR: 0.000776
[Train] [Epoch 253] Train Loss: 0.001459 | Test Loss: 0.001458 | Vel Loss: 0.000840 | Stress Loss: 0.000619 | LR: 0.000776
[Train] [Epoch 254] Train Loss: 0.001458 | Test Loss: 0.001456 | Vel Loss: 0.000839 | Stress Loss: 0.000619 | LR: 0.000775
[Train] [Epoch 255] Train Loss: 0.001456 | Test Loss: 0.001455 | Vel Loss: 0.000838 | Stress Loss: 0.000618 | LR: 0.000774
[Train] [Epoch 256] Train Loss: 0.001455 | Test Loss: 0.001453 | Vel Loss: 0.000837 | Stress Loss: 0.000618 | LR: 0.000773
[Train] [Epoch 257] Train Loss: 0.001453 | Test Loss: 0.001451 | Vel Loss: 0.000836 | Stress Loss: 0.000617 | LR: 0.000772
[Train] [Epoch 258] Train Loss: 0.001451 | Test Loss: 0.001450 | Vel Loss: 0.000834 | Stress Loss: 0.000617 | LR: 0.000772
[Train] [Epoch 259] Train Loss: 0.001450 | Test Loss: 0.001449 | Vel Loss: 0.000833 | Stress Loss: 0.000617 | LR: 0.000771
[Train] [Epoch 260] Train Loss: 0.001449 | Test Loss: 0.001447 | Vel Loss: 0.000832 | Stress Loss: 0.000616 | LR: 0.000770
[Train] [Epoch 261] Train Loss: 0.001447 | Test Loss: 0.001446 | Vel Loss: 0.000831 | Stress Loss: 0.000616 | LR: 0.000769
[Train] [Epoch 262] Train Loss: 0.001446 | Test Loss: 0.001444 | Vel Loss: 0.000830 | Stress Loss: 0.000615 | LR: 0.000769
[Train] [Epoch 263] Train Loss: 0.001444 | Test Loss: 0.001443 | Vel Loss: 0.000829 | Stress Loss: 0.000615 | LR: 0.000768
[Train] [Epoch 264] Train Loss: 0.001443 | Test Loss: 0.001441 | Vel Loss: 0.000828 | Stress Loss: 0.000614 | LR: 0.000767
[Train] [Epoch 265] Train Loss: 0.001441 | Test Loss: 0.001440 | Vel Loss: 0.000827 | Stress Loss: 0.000614 | LR: 0.000766
[Train] [Epoch 266] Train Loss: 0.001440 | Test Loss: 0.001439 | Vel Loss: 0.000826 | Stress Loss: 0.000613 | LR: 0.000766
[Train] [Epoch 267] Train Loss: 0.001439 | Test Loss: 0.001437 | Vel Loss: 0.000825 | Stress Loss: 0.000613 | LR: 0.000765
[Train] [Epoch 268] Train Loss: 0.001437 | Test Loss: 0.001436 | Vel Loss: 0.000825 | Stress Loss: 0.000613 | LR: 0.000764
[Train] [Epoch 269] Train Loss: 0.001436 | Test Loss: 0.001434 | Vel Loss: 0.000824 | Stress Loss: 0.000612 | LR: 0.000763
[Train] [Epoch 270] Train Loss: 0.001434 | Test Loss: 0.001433 | Vel Loss: 0.000823 | Stress Loss: 0.000612 | LR: 0.000763
[Train] [Epoch 271] Train Loss: 0.001433 | Test Loss: 0.001432 | Vel Loss: 0.000822 | Stress Loss: 0.000611 | LR: 0.000762
[Train] [Epoch 272] Train Loss: 0.001432 | Test Loss: 0.001430 | Vel Loss: 0.000821 | Stress Loss: 0.000611 | LR: 0.000761
[Train] [Epoch 273] Train Loss: 0.001430 | Test Loss: 0.001429 | Vel Loss: 0.000820 | Stress Loss: 0.000611 | LR: 0.000760
[Train] [Epoch 274] Train Loss: 0.001429 | Test Loss: 0.001428 | Vel Loss: 0.000819 | Stress Loss: 0.000610 | LR: 0.000759
[Train] [Epoch 275] Train Loss: 0.001428 | Test Loss: 0.001427 | Vel Loss: 0.000818 | Stress Loss: 0.000610 | LR: 0.000759
[Train] [Epoch 276] Train Loss: 0.001427 | Test Loss: 0.001425 | Vel Loss: 0.000817 | Stress Loss: 0.000609 | LR: 0.000758
[Train] [Epoch 277] Train Loss: 0.001425 | Test Loss: 0.001424 | Vel Loss: 0.000816 | Stress Loss: 0.000609 | LR: 0.000757
[Train] [Epoch 278] Train Loss: 0.001424 | Test Loss: 0.001423 | Vel Loss: 0.000815 | Stress Loss: 0.000609 | LR: 0.000756
[Train] [Epoch 279] Train Loss: 0.001423 | Test Loss: 0.001422 | Vel Loss: 0.000815 | Stress Loss: 0.000608 | LR: 0.000756
[Train] [Epoch 280] Train Loss: 0.001422 | Test Loss: 0.001420 | Vel Loss: 0.000814 | Stress Loss: 0.000608 | LR: 0.000755
[Train] [Epoch 281] Train Loss: 0.001420 | Test Loss: 0.001419 | Vel Loss: 0.000813 | Stress Loss: 0.000608 | LR: 0.000754
[Train] [Epoch 282] Train Loss: 0.001419 | Test Loss: 0.001418 | Vel Loss: 0.000812 | Stress Loss: 0.000607 | LR: 0.000753
[Train] [Epoch 283] Train Loss: 0.001418 | Test Loss: 0.001417 | Vel Loss: 0.000811 | Stress Loss: 0.000607 | LR: 0.000753
[Train] [Epoch 284] Train Loss: 0.001417 | Test Loss: 0.001416 | Vel Loss: 0.000810 | Stress Loss: 0.000606 | LR: 0.000752
[Train] [Epoch 285] Train Loss: 0.001416 | Test Loss: 0.001414 | Vel Loss: 0.000809 | Stress Loss: 0.000606 | LR: 0.000751
[Train] [Epoch 286] Train Loss: 0.001414 | Test Loss: 0.001413 | Vel Loss: 0.000809 | Stress Loss: 0.000606 | LR: 0.000750
[Train] [Epoch 287] Train Loss: 0.001413 | Test Loss: 0.001412 | Vel Loss: 0.000808 | Stress Loss: 0.000605 | LR: 0.000750
[Train] [Epoch 288] Train Loss: 0.001412 | Test Loss: 0.001411 | Vel Loss: 0.000807 | Stress Loss: 0.000605 | LR: 0.000749
[Train] [Epoch 289] Train Loss: 0.001411 | Test Loss: 0.001410 | Vel Loss: 0.000806 | Stress Loss: 0.000605 | LR: 0.000748
[Train] [Epoch 290] Train Loss: 0.001410 | Test Loss: 0.001409 | Vel Loss: 0.000805 | Stress Loss: 0.000604 | LR: 0.000747
[Train] [Epoch 291] Train Loss: 0.001409 | Test Loss: 0.001408 | Vel Loss: 0.000805 | Stress Loss: 0.000604 | LR: 0.000747
[Train] [Epoch 292] Train Loss: 0.001408 | Test Loss: 0.001406 | Vel Loss: 0.000804 | Stress Loss: 0.000604 | LR: 0.000746
[Train] [Epoch 293] Train Loss: 0.001406 | Test Loss: 0.001405 | Vel Loss: 0.000803 | Stress Loss: 0.000603 | LR: 0.000745
[Train] [Epoch 294] Train Loss: 0.001405 | Test Loss: 0.001404 | Vel Loss: 0.000802 | Stress Loss: 0.000603 | LR: 0.000744
[Train] [Epoch 295] Train Loss: 0.001404 | Test Loss: 0.001403 | Vel Loss: 0.000802 | Stress Loss: 0.000603 | LR: 0.000744
[Train] [Epoch 296] Train Loss: 0.001403 | Test Loss: 0.001402 | Vel Loss: 0.000801 | Stress Loss: 0.000602 | LR: 0.000743
[Train] [Epoch 297] Train Loss: 0.001402 | Test Loss: 0.001401 | Vel Loss: 0.000800 | Stress Loss: 0.000602 | LR: 0.000742
[Train] [Epoch 298] Train Loss: 0.001401 | Test Loss: 0.001400 | Vel Loss: 0.000799 | Stress Loss: 0.000602 | LR: 0.000741
[Train] [Epoch 299] Train Loss: 0.001400 | Test Loss: 0.001399 | Vel Loss: 0.000799 | Stress Loss: 0.000601 | LR: 0.000741
[Train] [Epoch 300] Train Loss: 0.001399 | Test Loss: 0.001398 | Vel Loss: 0.000798 | Stress Loss: 0.000601 | LR: 0.000740
[Train] [Epoch 301] Train Loss: 0.001398 | Test Loss: 0.001397 | Vel Loss: 0.000797 | Stress Loss: 0.000601 | LR: 0.000739
[Train] [Epoch 302] Train Loss: 0.001397 | Test Loss: 0.001396 | Vel Loss: 0.000796 | Stress Loss: 0.000600 | LR: 0.000738
[Train] [Epoch 303] Train Loss: 0.001396 | Test Loss: 0.001395 | Vel Loss: 0.000796 | Stress Loss: 0.000600 | LR: 0.000738
[Train] [Epoch 304] Train Loss: 0.001395 | Test Loss: 0.001394 | Vel Loss: 0.000795 | Stress Loss: 0.000600 | LR: 0.000737
[Train] [Epoch 305] Train Loss: 0.001394 | Test Loss: 0.001393 | Vel Loss: 0.000794 | Stress Loss: 0.000599 | LR: 0.000736
[Train] [Epoch 306] Train Loss: 0.001393 | Test Loss: 0.001392 | Vel Loss: 0.000794 | Stress Loss: 0.000599 | LR: 0.000736
[Train] [Epoch 307] Train Loss: 0.001392 | Test Loss: 0.001391 | Vel Loss: 0.000793 | Stress Loss: 0.000599 | LR: 0.000735
[Train] [Epoch 308] Train Loss: 0.001391 | Test Loss: 0.001390 | Vel Loss: 0.000792 | Stress Loss: 0.000599 | LR: 0.000734
[Train] [Epoch 309] Train Loss: 0.001390 | Test Loss: 0.001389 | Vel Loss: 0.000792 | Stress Loss: 0.000598 | LR: 0.000733
[Train] [Epoch 310] Train Loss: 0.001389 | Test Loss: 0.001388 | Vel Loss: 0.000791 | Stress Loss: 0.000598 | LR: 0.000733
[Train] [Epoch 311] Train Loss: 0.001388 | Test Loss: 0.001387 | Vel Loss: 0.000790 | Stress Loss: 0.000598 | LR: 0.000732
[Train] [Epoch 312] Train Loss: 0.001387 | Test Loss: 0.001386 | Vel Loss: 0.000790 | Stress Loss: 0.000597 | LR: 0.000731
[Train] [Epoch 313] Train Loss: 0.001386 | Test Loss: 0.001385 | Vel Loss: 0.000789 | Stress Loss: 0.000597 | LR: 0.000730
[Train] [Epoch 314] Train Loss: 0.001385 | Test Loss: 0.001384 | Vel Loss: 0.000788 | Stress Loss: 0.000597 | LR: 0.000730
[Train] [Epoch 315] Train Loss: 0.001384 | Test Loss: 0.001383 | Vel Loss: 0.000788 | Stress Loss: 0.000597 | LR: 0.000729
[Train] [Epoch 316] Train Loss: 0.001383 | Test Loss: 0.001382 | Vel Loss: 0.000787 | Stress Loss: 0.000596 | LR: 0.000728
[Train] [Epoch 317] Train Loss: 0.001382 | Test Loss: 0.001381 | Vel Loss: 0.000786 | Stress Loss: 0.000596 | LR: 0.000727
[Train] [Epoch 318] Train Loss: 0.001381 | Test Loss: 0.001381 | Vel Loss: 0.000786 | Stress Loss: 0.000596 | LR: 0.000727
[Train] [Epoch 319] Train Loss: 0.001381 | Test Loss: 0.001380 | Vel Loss: 0.000785 | Stress Loss: 0.000595 | LR: 0.000726
[Train] [Epoch 320] Train Loss: 0.001380 | Test Loss: 0.001379 | Vel Loss: 0.000784 | Stress Loss: 0.000595 | LR: 0.000725
[Train] [Epoch 321] Train Loss: 0.001379 | Test Loss: 0.001378 | Vel Loss: 0.000784 | Stress Loss: 0.000595 | LR: 0.000725
[Train] [Epoch 322] Train Loss: 0.001378 | Test Loss: 0.001377 | Vel Loss: 0.000783 | Stress Loss: 0.000595 | LR: 0.000724
[Train] [Epoch 323] Train Loss: 0.001377 | Test Loss: 0.001376 | Vel Loss: 0.000783 | Stress Loss: 0.000594 | LR: 0.000723
[Train] [Epoch 324] Train Loss: 0.001376 | Test Loss: 0.001375 | Vel Loss: 0.000782 | Stress Loss: 0.000594 | LR: 0.000722
[Train] [Epoch 325] Train Loss: 0.001375 | Test Loss: 0.001374 | Vel Loss: 0.000781 | Stress Loss: 0.000594 | LR: 0.000722
[Train] [Epoch 326] Train Loss: 0.001374 | Test Loss: 0.001374 | Vel Loss: 0.000781 | Stress Loss: 0.000594 | LR: 0.000721
[Train] [Epoch 327] Train Loss: 0.001374 | Test Loss: 0.001373 | Vel Loss: 0.000780 | Stress Loss: 0.000593 | LR: 0.000720
[Train] [Epoch 328] Train Loss: 0.001373 | Test Loss: 0.001372 | Vel Loss: 0.000780 | Stress Loss: 0.000593 | LR: 0.000720
[Train] [Epoch 329] Train Loss: 0.001372 | Test Loss: 0.001371 | Vel Loss: 0.000779 | Stress Loss: 0.000593 | LR: 0.000719
[Train] [Epoch 330] Train Loss: 0.001371 | Test Loss: 0.001370 | Vel Loss: 0.000778 | Stress Loss: 0.000593 | LR: 0.000718
[Train] [Epoch 331] Train Loss: 0.001370 | Test Loss: 0.001369 | Vel Loss: 0.000778 | Stress Loss: 0.000592 | LR: 0.000717
[Train] [Epoch 332] Train Loss: 0.001369 | Test Loss: 0.001369 | Vel Loss: 0.000777 | Stress Loss: 0.000592 | LR: 0.000717
[Train] [Epoch 333] Train Loss: 0.001369 | Test Loss: 0.001368 | Vel Loss: 0.000777 | Stress Loss: 0.000592 | LR: 0.000716
[Train] [Epoch 334] Train Loss: 0.001368 | Test Loss: 0.001367 | Vel Loss: 0.000776 | Stress Loss: 0.000592 | LR: 0.000715
[Train] [Epoch 335] Train Loss: 0.001367 | Test Loss: 0.001366 | Vel Loss: 0.000776 | Stress Loss: 0.000591 | LR: 0.000715
[Train] [Epoch 336] Train Loss: 0.001366 | Test Loss: 0.001365 | Vel Loss: 0.000775 | Stress Loss: 0.000591 | LR: 0.000714
[Train] [Epoch 337] Train Loss: 0.001365 | Test Loss: 0.001365 | Vel Loss: 0.000774 | Stress Loss: 0.000591 | LR: 0.000713
[Train] [Epoch 338] Train Loss: 0.001365 | Test Loss: 0.001364 | Vel Loss: 0.000774 | Stress Loss: 0.000591 | LR: 0.000712
[Train] [Epoch 339] Train Loss: 0.001364 | Test Loss: 0.001363 | Vel Loss: 0.000773 | Stress Loss: 0.000590 | LR: 0.000712
[Train] [Epoch 340] Train Loss: 0.001363 | Test Loss: 0.001362 | Vel Loss: 0.000773 | Stress Loss: 0.000590 | LR: 0.000711
[Train] [Epoch 341] Train Loss: 0.001362 | Test Loss: 0.001362 | Vel Loss: 0.000772 | Stress Loss: 0.000590 | LR: 0.000710
[Train] [Epoch 342] Train Loss: 0.001362 | Test Loss: 0.001361 | Vel Loss: 0.000772 | Stress Loss: 0.000590 | LR: 0.000710
[Train] [Epoch 343] Train Loss: 0.001361 | Test Loss: 0.001360 | Vel Loss: 0.000771 | Stress Loss: 0.000590 | LR: 0.000709
[Train] [Epoch 344] Train Loss: 0.001360 | Test Loss: 0.001359 | Vel Loss: 0.000771 | Stress Loss: 0.000589 | LR: 0.000708
[Train] [Epoch 345] Train Loss: 0.001359 | Test Loss: 0.001359 | Vel Loss: 0.000770 | Stress Loss: 0.000589 | LR: 0.000707
[Train] [Epoch 346] Train Loss: 0.001359 | Test Loss: 0.001358 | Vel Loss: 0.000770 | Stress Loss: 0.000589 | LR: 0.000707
[Train] [Epoch 347] Train Loss: 0.001358 | Test Loss: 0.001357 | Vel Loss: 0.000769 | Stress Loss: 0.000589 | LR: 0.000706
[Train] [Epoch 348] Train Loss: 0.001357 | Test Loss: 0.001356 | Vel Loss: 0.000769 | Stress Loss: 0.000588 | LR: 0.000705
[Train] [Epoch 349] Train Loss: 0.001356 | Test Loss: 0.001356 | Vel Loss: 0.000768 | Stress Loss: 0.000588 | LR: 0.000705
[Train] [Epoch 350] Train Loss: 0.001356 | Test Loss: 0.001355 | Vel Loss: 0.000768 | Stress Loss: 0.000588 | LR: 0.000704
[Train] [Epoch 351] Train Loss: 0.001355 | Test Loss: 0.001354 | Vel Loss: 0.000767 | Stress Loss: 0.000588 | LR: 0.000703
[Train] [Epoch 352] Train Loss: 0.001354 | Test Loss: 0.001353 | Vel Loss: 0.000767 | Stress Loss: 0.000588 | LR: 0.000702
[Train] [Epoch 353] Train Loss: 0.001353 | Test Loss: 0.001353 | Vel Loss: 0.000766 | Stress Loss: 0.000587 | LR: 0.000702
[Train] [Epoch 354] Train Loss: 0.001353 | Test Loss: 0.001352 | Vel Loss: 0.000766 | Stress Loss: 0.000587 | LR: 0.000701
[Train] [Epoch 355] Train Loss: 0.001352 | Test Loss: 0.001351 | Vel Loss: 0.000765 | Stress Loss: 0.000587 | LR: 0.000700
[Train] [Epoch 356] Train Loss: 0.001351 | Test Loss: 0.001351 | Vel Loss: 0.000765 | Stress Loss: 0.000587 | LR: 0.000700
[Train] [Epoch 357] Train Loss: 0.001351 | Test Loss: 0.001350 | Vel Loss: 0.000764 | Stress Loss: 0.000587 | LR: 0.000699
[Train] [Epoch 358] Train Loss: 0.001350 | Test Loss: 0.001349 | Vel Loss: 0.000764 | Stress Loss: 0.000586 | LR: 0.000698
[Train] [Epoch 359] Train Loss: 0.001349 | Test Loss: 0.001349 | Vel Loss: 0.000763 | Stress Loss: 0.000586 | LR: 0.000698
[Train] [Epoch 360] Train Loss: 0.001349 | Test Loss: 0.001348 | Vel Loss: 0.000763 | Stress Loss: 0.000586 | LR: 0.000697
[Train] [Epoch 361] Train Loss: 0.001348 | Test Loss: 0.001347 | Vel Loss: 0.000762 | Stress Loss: 0.000586 | LR: 0.000696
[Train] [Epoch 362] Train Loss: 0.001347 | Test Loss: 0.001347 | Vel Loss: 0.000762 | Stress Loss: 0.000586 | LR: 0.000695
[Train] [Epoch 363] Train Loss: 0.001347 | Test Loss: 0.001346 | Vel Loss: 0.000761 | Stress Loss: 0.000585 | LR: 0.000695
[Train] [Epoch 364] Train Loss: 0.001346 | Test Loss: 0.001345 | Vel Loss: 0.000761 | Stress Loss: 0.000585 | LR: 0.000694
[Train] [Epoch 365] Train Loss: 0.001345 | Test Loss: 0.001345 | Vel Loss: 0.000760 | Stress Loss: 0.000585 | LR: 0.000693
[Train] [Epoch 366] Train Loss: 0.001345 | Test Loss: 0.001344 | Vel Loss: 0.000760 | Stress Loss: 0.000585 | LR: 0.000693
[Train] [Epoch 367] Train Loss: 0.001344 | Test Loss: 0.001343 | Vel Loss: 0.000759 | Stress Loss: 0.000585 | LR: 0.000692
[Train] [Epoch 368] Train Loss: 0.001343 | Test Loss: 0.001343 | Vel Loss: 0.000759 | Stress Loss: 0.000584 | LR: 0.000691
[Train] [Epoch 369] Train Loss: 0.001343 | Test Loss: 0.001342 | Vel Loss: 0.000758 | Stress Loss: 0.000584 | LR: 0.000691
[Train] [Epoch 370] Train Loss: 0.001342 | Test Loss: 0.001341 | Vel Loss: 0.000758 | Stress Loss: 0.000584 | LR: 0.000690
[Train] [Epoch 371] Train Loss: 0.001341 | Test Loss: 0.001341 | Vel Loss: 0.000758 | Stress Loss: 0.000584 | LR: 0.000689
[Train] [Epoch 372] Train Loss: 0.001341 | Test Loss: 0.001340 | Vel Loss: 0.000757 | Stress Loss: 0.000584 | LR: 0.000689
[Train] [Epoch 373] Train Loss: 0.001340 | Test Loss: 0.001340 | Vel Loss: 0.000757 | Stress Loss: 0.000584 | LR: 0.000688
[Train] [Epoch 374] Train Loss: 0.001340 | Test Loss: 0.001339 | Vel Loss: 0.000756 | Stress Loss: 0.000583 | LR: 0.000687
[Train] [Epoch 375] Train Loss: 0.001339 | Test Loss: 0.001338 | Vel Loss: 0.000756 | Stress Loss: 0.000583 | LR: 0.000686
[Train] [Epoch 376] Train Loss: 0.001338 | Test Loss: 0.001338 | Vel Loss: 0.000755 | Stress Loss: 0.000583 | LR: 0.000686
[Train] [Epoch 377] Train Loss: 0.001338 | Test Loss: 0.001337 | Vel Loss: 0.000755 | Stress Loss: 0.000583 | LR: 0.000685
[Train] [Epoch 378] Train Loss: 0.001337 | Test Loss: 0.001337 | Vel Loss: 0.000754 | Stress Loss: 0.000583 | LR: 0.000684
[Train] [Epoch 379] Train Loss: 0.001337 | Test Loss: 0.001336 | Vel Loss: 0.000754 | Stress Loss: 0.000583 | LR: 0.000684
[Train] [Epoch 380] Train Loss: 0.001336 | Test Loss: 0.001335 | Vel Loss: 0.000754 | Stress Loss: 0.000582 | LR: 0.000683
[Train] [Epoch 381] Train Loss: 0.001335 | Test Loss: 0.001335 | Vel Loss: 0.000753 | Stress Loss: 0.000582 | LR: 0.000682
[Train] [Epoch 382] Train Loss: 0.001335 | Test Loss: 0.001334 | Vel Loss: 0.000753 | Stress Loss: 0.000582 | LR: 0.000682
[Train] [Epoch 383] Train Loss: 0.001334 | Test Loss: 0.001334 | Vel Loss: 0.000752 | Stress Loss: 0.000582 | LR: 0.000681
[Train] [Epoch 384] Train Loss: 0.001334 | Test Loss: 0.001333 | Vel Loss: 0.000752 | Stress Loss: 0.000582 | LR: 0.000680
[Train] [Epoch 385] Train Loss: 0.001333 | Test Loss: 0.001332 | Vel Loss: 0.000752 | Stress Loss: 0.000582 | LR: 0.000680
[Train] [Epoch 386] Train Loss: 0.001332 | Test Loss: 0.001332 | Vel Loss: 0.000751 | Stress Loss: 0.000581 | LR: 0.000679
[Train] [Epoch 387] Train Loss: 0.001332 | Test Loss: 0.001331 | Vel Loss: 0.000751 | Stress Loss: 0.000581 | LR: 0.000678
[Train] [Epoch 388] Train Loss: 0.001331 | Test Loss: 0.001331 | Vel Loss: 0.000750 | Stress Loss: 0.000581 | LR: 0.000678
[Train] [Epoch 389] Train Loss: 0.001331 | Test Loss: 0.001330 | Vel Loss: 0.000750 | Stress Loss: 0.000581 | LR: 0.000677
[Train] [Epoch 390] Train Loss: 0.001330 | Test Loss: 0.001330 | Vel Loss: 0.000749 | Stress Loss: 0.000581 | LR: 0.000676
[Train] [Epoch 391] Train Loss: 0.001330 | Test Loss: 0.001329 | Vel Loss: 0.000749 | Stress Loss: 0.000581 | LR: 0.000676
[Train] [Epoch 392] Train Loss: 0.001329 | Test Loss: 0.001329 | Vel Loss: 0.000749 | Stress Loss: 0.000580 | LR: 0.000675
[Train] [Epoch 393] Train Loss: 0.001329 | Test Loss: 0.001328 | Vel Loss: 0.000748 | Stress Loss: 0.000580 | LR: 0.000674
[Train] [Epoch 394] Train Loss: 0.001328 | Test Loss: 0.001327 | Vel Loss: 0.000748 | Stress Loss: 0.000580 | LR: 0.000674
[Train] [Epoch 395] Train Loss: 0.001327 | Test Loss: 0.001327 | Vel Loss: 0.000748 | Stress Loss: 0.000580 | LR: 0.000673
[Train] [Epoch 396] Train Loss: 0.001327 | Test Loss: 0.001326 | Vel Loss: 0.000747 | Stress Loss: 0.000580 | LR: 0.000672
[Train] [Epoch 397] Train Loss: 0.001326 | Test Loss: 0.001326 | Vel Loss: 0.000747 | Stress Loss: 0.000580 | LR: 0.000672
[Train] [Epoch 398] Train Loss: 0.001326 | Test Loss: 0.001325 | Vel Loss: 0.000746 | Stress Loss: 0.000579 | LR: 0.000671
[Train] [Epoch 399] Train Loss: 0.001325 | Test Loss: 0.001325 | Vel Loss: 0.000746 | Stress Loss: 0.000579 | LR: 0.000670
[Train] [Epoch 400] Train Loss: 0.001325 | Test Loss: 0.001324 | Vel Loss: 0.000746 | Stress Loss: 0.000579 | LR: 0.000670
[Train] [Epoch 401] Train Loss: 0.001324 | Test Loss: 0.001324 | Vel Loss: 0.000745 | Stress Loss: 0.000579 | LR: 0.000669
[Train] [Epoch 402] Train Loss: 0.001324 | Test Loss: 0.001323 | Vel Loss: 0.000745 | Stress Loss: 0.000579 | LR: 0.000668
[Train] [Epoch 403] Train Loss: 0.001323 | Test Loss: 0.001323 | Vel Loss: 0.000744 | Stress Loss: 0.000579 | LR: 0.000668
[Train] [Epoch 404] Train Loss: 0.001323 | Test Loss: 0.001322 | Vel Loss: 0.000744 | Stress Loss: 0.000579 | LR: 0.000667
[Train] [Epoch 405] Train Loss: 0.001322 | Test Loss: 0.001322 | Vel Loss: 0.000744 | Stress Loss: 0.000578 | LR: 0.000666
[Train] [Epoch 406] Train Loss: 0.001322 | Test Loss: 0.001321 | Vel Loss: 0.000743 | Stress Loss: 0.000578 | LR: 0.000666
[Train] [Epoch 407] Train Loss: 0.001321 | Test Loss: 0.001321 | Vel Loss: 0.000743 | Stress Loss: 0.000578 | LR: 0.000665
[Train] [Epoch 408] Train Loss: 0.001321 | Test Loss: 0.001320 | Vel Loss: 0.000743 | Stress Loss: 0.000578 | LR: 0.000664
[Train] [Epoch 409] Train Loss: 0.001320 | Test Loss: 0.001320 | Vel Loss: 0.000742 | Stress Loss: 0.000578 | LR: 0.000664
[Train] [Epoch 410] Train Loss: 0.001320 | Test Loss: 0.001319 | Vel Loss: 0.000742 | Stress Loss: 0.000578 | LR: 0.000663
[Train] [Epoch 411] Train Loss: 0.001319 | Test Loss: 0.001319 | Vel Loss: 0.000742 | Stress Loss: 0.000578 | LR: 0.000662
[Train] [Epoch 412] Train Loss: 0.001319 | Test Loss: 0.001318 | Vel Loss: 0.000741 | Stress Loss: 0.000577 | LR: 0.000662
[Train] [Epoch 413] Train Loss: 0.001318 | Test Loss: 0.001318 | Vel Loss: 0.000741 | Stress Loss: 0.000577 | LR: 0.000661
[Train] [Epoch 414] Train Loss: 0.001318 | Test Loss: 0.001317 | Vel Loss: 0.000741 | Stress Loss: 0.000577 | LR: 0.000660
[Train] [Epoch 415] Train Loss: 0.001317 | Test Loss: 0.001317 | Vel Loss: 0.000740 | Stress Loss: 0.000577 | LR: 0.000660
[Train] [Epoch 416] Train Loss: 0.001317 | Test Loss: 0.001316 | Vel Loss: 0.000740 | Stress Loss: 0.000577 | LR: 0.000659
[Train] [Epoch 417] Train Loss: 0.001316 | Test Loss: 0.001316 | Vel Loss: 0.000739 | Stress Loss: 0.000577 | LR: 0.000658
[Train] [Epoch 418] Train Loss: 0.001316 | Test Loss: 0.001315 | Vel Loss: 0.000739 | Stress Loss: 0.000577 | LR: 0.000658
[Train] [Epoch 419] Train Loss: 0.001315 | Test Loss: 0.001315 | Vel Loss: 0.000739 | Stress Loss: 0.000577 | LR: 0.000657
[Train] [Epoch 420] Train Loss: 0.001315 | Test Loss: 0.001314 | Vel Loss: 0.000738 | Stress Loss: 0.000576 | LR: 0.000656
[Train] [Epoch 421] Train Loss: 0.001314 | Test Loss: 0.001314 | Vel Loss: 0.000738 | Stress Loss: 0.000576 | LR: 0.000656
[Train] [Epoch 422] Train Loss: 0.001314 | Test Loss: 0.001313 | Vel Loss: 0.000738 | Stress Loss: 0.000576 | LR: 0.000655
[Train] [Epoch 423] Train Loss: 0.001313 | Test Loss: 0.001313 | Vel Loss: 0.000737 | Stress Loss: 0.000576 | LR: 0.000654
[Train] [Epoch 424] Train Loss: 0.001313 | Test Loss: 0.001313 | Vel Loss: 0.000737 | Stress Loss: 0.000576 | LR: 0.000654
[Train] [Epoch 425] Train Loss: 0.001313 | Test Loss: 0.001312 | Vel Loss: 0.000737 | Stress Loss: 0.000576 | LR: 0.000653
[Train] [Epoch 426] Train Loss: 0.001312 | Test Loss: 0.001312 | Vel Loss: 0.000736 | Stress Loss: 0.000576 | LR: 0.000652
[Train] [Epoch 427] Train Loss: 0.001312 | Test Loss: 0.001311 | Vel Loss: 0.000736 | Stress Loss: 0.000576 | LR: 0.000652
[Train] [Epoch 428] Train Loss: 0.001311 | Test Loss: 0.001311 | Vel Loss: 0.000736 | Stress Loss: 0.000575 | LR: 0.000651
[Train] [Epoch 429] Train Loss: 0.001311 | Test Loss: 0.001310 | Vel Loss: 0.000735 | Stress Loss: 0.000575 | LR: 0.000650
[Train] [Epoch 430] Train Loss: 0.001310 | Test Loss: 0.001310 | Vel Loss: 0.000735 | Stress Loss: 0.000575 | LR: 0.000650
[Train] [Epoch 431] Train Loss: 0.001310 | Test Loss: 0.001309 | Vel Loss: 0.000735 | Stress Loss: 0.000575 | LR: 0.000649
[Train] [Epoch 432] Train Loss: 0.001309 | Test Loss: 0.001309 | Vel Loss: 0.000734 | Stress Loss: 0.000575 | LR: 0.000648
[Train] [Epoch 433] Train Loss: 0.001309 | Test Loss: 0.001309 | Vel Loss: 0.000734 | Stress Loss: 0.000575 | LR: 0.000648
[Train] [Epoch 434] Train Loss: 0.001309 | Test Loss: 0.001308 | Vel Loss: 0.000734 | Stress Loss: 0.000575 | LR: 0.000647
[Train] [Epoch 435] Train Loss: 0.001308 | Test Loss: 0.001308 | Vel Loss: 0.000734 | Stress Loss: 0.000575 | LR: 0.000646
[Train] [Epoch 436] Train Loss: 0.001308 | Test Loss: 0.001307 | Vel Loss: 0.000733 | Stress Loss: 0.000574 | LR: 0.000646
[Train] [Epoch 437] Train Loss: 0.001307 | Test Loss: 0.001307 | Vel Loss: 0.000733 | Stress Loss: 0.000574 | LR: 0.000645
[Train] [Epoch 438] Train Loss: 0.001307 | Test Loss: 0.001306 | Vel Loss: 0.000733 | Stress Loss: 0.000574 | LR: 0.000645
[Train] [Epoch 439] Train Loss: 0.001306 | Test Loss: 0.001306 | Vel Loss: 0.000732 | Stress Loss: 0.000574 | LR: 0.000644
[Train] [Epoch 440] Train Loss: 0.001306 | Test Loss: 0.001306 | Vel Loss: 0.000732 | Stress Loss: 0.000574 | LR: 0.000643
[Train] [Epoch 441] Train Loss: 0.001306 | Test Loss: 0.001305 | Vel Loss: 0.000732 | Stress Loss: 0.000574 | LR: 0.000643
[Train] [Epoch 442] Train Loss: 0.001305 | Test Loss: 0.001305 | Vel Loss: 0.000731 | Stress Loss: 0.000574 | LR: 0.000642
[Train] [Epoch 443] Train Loss: 0.001305 | Test Loss: 0.001304 | Vel Loss: 0.000731 | Stress Loss: 0.000574 | LR: 0.000641
[Train] [Epoch 444] Train Loss: 0.001304 | Test Loss: 0.001304 | Vel Loss: 0.000731 | Stress Loss: 0.000574 | LR: 0.000641
[Train] [Epoch 445] Train Loss: 0.001304 | Test Loss: 0.001303 | Vel Loss: 0.000730 | Stress Loss: 0.000573 | LR: 0.000640
[Train] [Epoch 446] Train Loss: 0.001303 | Test Loss: 0.001303 | Vel Loss: 0.000730 | Stress Loss: 0.000573 | LR: 0.000639
[Train] [Epoch 447] Train Loss: 0.001303 | Test Loss: 0.001303 | Vel Loss: 0.000730 | Stress Loss: 0.000573 | LR: 0.000639
[Train] [Epoch 448] Train Loss: 0.001303 | Test Loss: 0.001302 | Vel Loss: 0.000730 | Stress Loss: 0.000573 | LR: 0.000638
[Train] [Epoch 449] Train Loss: 0.001302 | Test Loss: 0.001302 | Vel Loss: 0.000729 | Stress Loss: 0.000573 | LR: 0.000637
[Train] [Epoch 450] Train Loss: 0.001302 | Test Loss: 0.001301 | Vel Loss: 0.000729 | Stress Loss: 0.000573 | LR: 0.000637
[Train] [Epoch 451] Train Loss: 0.001301 | Test Loss: 0.001301 | Vel Loss: 0.000729 | Stress Loss: 0.000573 | LR: 0.000636
[Train] [Epoch 452] Train Loss: 0.001301 | Test Loss: 0.001301 | Vel Loss: 0.000728 | Stress Loss: 0.000573 | LR: 0.000636
[Train] [Epoch 453] Train Loss: 0.001301 | Test Loss: 0.001300 | Vel Loss: 0.000728 | Stress Loss: 0.000573 | LR: 0.000635
[Train] [Epoch 454] Train Loss: 0.001300 | Test Loss: 0.001300 | Vel Loss: 0.000728 | Stress Loss: 0.000572 | LR: 0.000634
[Train] [Epoch 455] Train Loss: 0.001300 | Test Loss: 0.001300 | Vel Loss: 0.000728 | Stress Loss: 0.000572 | LR: 0.000634
[Train] [Epoch 456] Train Loss: 0.001300 | Test Loss: 0.001299 | Vel Loss: 0.000727 | Stress Loss: 0.000572 | LR: 0.000633
[Train] [Epoch 457] Train Loss: 0.001299 | Test Loss: 0.001299 | Vel Loss: 0.000727 | Stress Loss: 0.000572 | LR: 0.000632
[Train] [Epoch 458] Train Loss: 0.001299 | Test Loss: 0.001298 | Vel Loss: 0.000727 | Stress Loss: 0.000572 | LR: 0.000632
[Train] [Epoch 459] Train Loss: 0.001298 | Test Loss: 0.001298 | Vel Loss: 0.000726 | Stress Loss: 0.000572 | LR: 0.000631
[Train] [Epoch 460] Train Loss: 0.001298 | Test Loss: 0.001298 | Vel Loss: 0.000726 | Stress Loss: 0.000572 | LR: 0.000631
[Train] [Epoch 461] Train Loss: 0.001298 | Test Loss: 0.001297 | Vel Loss: 0.000726 | Stress Loss: 0.000572 | LR: 0.000630
[Train] [Epoch 462] Train Loss: 0.001297 | Test Loss: 0.001297 | Vel Loss: 0.000726 | Stress Loss: 0.000572 | LR: 0.000629
[Train] [Epoch 463] Train Loss: 0.001297 | Test Loss: 0.001297 | Vel Loss: 0.000725 | Stress Loss: 0.000572 | LR: 0.000629
[Train] [Epoch 464] Train Loss: 0.001297 | Test Loss: 0.001296 | Vel Loss: 0.000725 | Stress Loss: 0.000571 | LR: 0.000628
[Train] [Epoch 465] Train Loss: 0.001296 | Test Loss: 0.001296 | Vel Loss: 0.000725 | Stress Loss: 0.000571 | LR: 0.000627
[Train] [Epoch 466] Train Loss: 0.001296 | Test Loss: 0.001295 | Vel Loss: 0.000725 | Stress Loss: 0.000571 | LR: 0.000627
[Train] [Epoch 467] Train Loss: 0.001295 | Test Loss: 0.001295 | Vel Loss: 0.000724 | Stress Loss: 0.000571 | LR: 0.000626
[Train] [Epoch 468] Train Loss: 0.001295 | Test Loss: 0.001295 | Vel Loss: 0.000724 | Stress Loss: 0.000571 | LR: 0.000625
[Train] [Epoch 469] Train Loss: 0.001295 | Test Loss: 0.001294 | Vel Loss: 0.000724 | Stress Loss: 0.000571 | LR: 0.000625
[Train] [Epoch 470] Train Loss: 0.001294 | Test Loss: 0.001294 | Vel Loss: 0.000723 | Stress Loss: 0.000571 | LR: 0.000624
[Train] [Epoch 471] Train Loss: 0.001294 | Test Loss: 0.001294 | Vel Loss: 0.000723 | Stress Loss: 0.000571 | LR: 0.000624
[Train] [Epoch 472] Train Loss: 0.001294 | Test Loss: 0.001293 | Vel Loss: 0.000723 | Stress Loss: 0.000571 | LR: 0.000623
[Train] [Epoch 473] Train Loss: 0.001293 | Test Loss: 0.001293 | Vel Loss: 0.000723 | Stress Loss: 0.000571 | LR: 0.000622
[Train] [Epoch 474] Train Loss: 0.001293 | Test Loss: 0.001293 | Vel Loss: 0.000722 | Stress Loss: 0.000570 | LR: 0.000622
[Train] [Epoch 475] Train Loss: 0.001293 | Test Loss: 0.001292 | Vel Loss: 0.000722 | Stress Loss: 0.000570 | LR: 0.000621
[Train] [Epoch 476] Train Loss: 0.001292 | Test Loss: 0.001292 | Vel Loss: 0.000722 | Stress Loss: 0.000570 | LR: 0.000620
[Train] [Epoch 477] Train Loss: 0.001292 | Test Loss: 0.001292 | Vel Loss: 0.000722 | Stress Loss: 0.000570 | LR: 0.000620
[Train] [Epoch 478] Train Loss: 0.001292 | Test Loss: 0.001291 | Vel Loss: 0.000721 | Stress Loss: 0.000570 | LR: 0.000619
[Train] [Epoch 479] Train Loss: 0.001291 | Test Loss: 0.001291 | Vel Loss: 0.000721 | Stress Loss: 0.000570 | LR: 0.000619
[Train] [Epoch 480] Train Loss: 0.001291 | Test Loss: 0.001290 | Vel Loss: 0.000721 | Stress Loss: 0.000570 | LR: 0.000618
[Train] [Epoch 481] Train Loss: 0.001290 | Test Loss: 0.001290 | Vel Loss: 0.000721 | Stress Loss: 0.000570 | LR: 0.000617
[Train] [Epoch 482] Train Loss: 0.001290 | Test Loss: 0.001290 | Vel Loss: 0.000720 | Stress Loss: 0.000570 | LR: 0.000617
[Train] [Epoch 483] Train Loss: 0.001290 | Test Loss: 0.001289 | Vel Loss: 0.000720 | Stress Loss: 0.000570 | LR: 0.000616
[Train] [Epoch 484] Train Loss: 0.001289 | Test Loss: 0.001289 | Vel Loss: 0.000720 | Stress Loss: 0.000570 | LR: 0.000616
[Train] [Epoch 485] Train Loss: 0.001289 | Test Loss: 0.001289 | Vel Loss: 0.000720 | Stress Loss: 0.000569 | LR: 0.000615
[Train] [Epoch 486] Train Loss: 0.001289 | Test Loss: 0.001288 | Vel Loss: 0.000719 | Stress Loss: 0.000569 | LR: 0.000614
[Train] [Epoch 487] Train Loss: 0.001288 | Test Loss: 0.001288 | Vel Loss: 0.000719 | Stress Loss: 0.000569 | LR: 0.000614
[Train] [Epoch 488] Train Loss: 0.001288 | Test Loss: 0.001288 | Vel Loss: 0.000719 | Stress Loss: 0.000569 | LR: 0.000613
[Train] [Epoch 489] Train Loss: 0.001288 | Test Loss: 0.001287 | Vel Loss: 0.000719 | Stress Loss: 0.000569 | LR: 0.000612
[Train] [Epoch 490] Train Loss: 0.001287 | Test Loss: 0.001287 | Vel Loss: 0.000718 | Stress Loss: 0.000569 | LR: 0.000612
[Train] [Epoch 491] Train Loss: 0.001287 | Test Loss: 0.001287 | Vel Loss: 0.000718 | Stress Loss: 0.000569 | LR: 0.000611
[Train] [Epoch 492] Train Loss: 0.001287 | Test Loss: 0.001287 | Vel Loss: 0.000718 | Stress Loss: 0.000569 | LR: 0.000611
[Train] [Epoch 493] Train Loss: 0.001287 | Test Loss: 0.001286 | Vel Loss: 0.000718 | Stress Loss: 0.000569 | LR: 0.000610
[Train] [Epoch 494] Train Loss: 0.001286 | Test Loss: 0.001286 | Vel Loss: 0.000718 | Stress Loss: 0.000569 | LR: 0.000609
[Train] [Epoch 495] Train Loss: 0.001286 | Test Loss: 0.001286 | Vel Loss: 0.000717 | Stress Loss: 0.000569 | LR: 0.000609
[Train] [Epoch 496] Train Loss: 0.001286 | Test Loss: 0.001285 | Vel Loss: 0.000717 | Stress Loss: 0.000569 | LR: 0.000608
[Train] [Epoch 497] Train Loss: 0.001285 | Test Loss: 0.001285 | Vel Loss: 0.000717 | Stress Loss: 0.000568 | LR: 0.000608
[Train] [Epoch 498] Train Loss: 0.001285 | Test Loss: 0.001285 | Vel Loss: 0.000717 | Stress Loss: 0.000568 | LR: 0.000607
[Train] [Epoch 499] Train Loss: 0.001285 | Test Loss: 0.001284 | Vel Loss: 0.000716 | Stress Loss: 0.000568 | LR: 0.000606

[train] Total training time: 0h 4m 17s

[train] Saving model to model_out/data_world=radius_mesh=True_norm=standard_At=False/model.pt
[train] Generating final evaluation plots...
End: mer 17 déc 2025 13:08:57 CET
