Running on node: ixl02
GPUs visible: 0
Start: mer 17 déc 2025 12:49:37 CET
[get_device] Using CUDA device: Tesla V100-SXM2-32GB

=================================================
 LOADING PREPROCESSED DATA
=================================================

	 Preprocessed data: processed_data/data_world=radius_mesh=True_norm=standard_At=False
[load_trajectories_preprocessed] Tensor payload size: 0.02 GB
	 [load_trajectories_preprocessed] Loaded 1 preprocessed trajectories
[train] CUDA free/total before dataset move: 31.44 / 31.74 GB
[train] Moving all trajectories to cuda ...
[train] CUDA free/total after dataset move:  31.42 / 31.74 GB
Total training pairs (X_t, X_t+1): 399

Overfitting on trajectory 0 with 4 time steps
Overfitting on the following (traj_id, time_idx) pairs:
  sample 00: traj_id=0, t=0
  sample 01: traj_id=0, t=1
  sample 02: traj_id=0, t=2
  sample 03: traj_id=0, t=3

=================================================
                  TRAINING
=================================================

Epochs: 500
Batch size: 4
Start learning rate: 0.001
Mode: overfit
Weight decay: 0
Number of trajectories: 1
Train loader batches: 1

End: mer 17 déc 2025 12:49:41 CET
